[0.015s] Invoking command in '/home/li/reference/robot/build/descripition': CMAKE_PREFIX_PATH=/opt/ros/humble /usr/bin/cmake /home/li/reference/robot/src/descripition -DAMENT_CMAKE_SYMLINK_INSTALL=1 -DCMAKE_INSTALL_PREFIX=/home/li/reference/robot/install/descripition
[0.562s] -- The C compiler identification is GNU 11.4.0
[1.974s] -- The CXX compiler identification is GNU 11.4.0
[3.180s] -- Detecting C compiler ABI info
[3.485s] -- Detecting C compiler ABI info - done
[3.489s] -- Check for working C compiler: /usr/bin/cc - skipped
[3.490s] -- Detecting C compile features
[3.490s] -- Detecting C compile features - done
[3.493s] -- Detecting CXX compiler ABI info
[3.892s] -- Detecting CXX compiler ABI info - done
[3.897s] -- Check for working CXX compiler: /usr/bin/c++ - skipped
[3.897s] -- Detecting CXX compile features
[3.897s] -- Detecting CXX compile features - done
[3.911s] -- Found ament_cmake: 1.3.12 (/opt/ros/humble/share/ament_cmake/cmake)
[4.023s] -- Found Python3: /usr/bin/python3 (found version "3.10.12") found components: Interpreter 
[4.080s] -- Override CMake install command with custom implementation using symlinks instead of copying resources
[4.117s] -- Found rclcpp: 16.0.15 (/opt/ros/humble/share/rclcpp/cmake)
[4.537s] -- Found rosidl_generator_c: 3.1.7 (/opt/ros/humble/share/rosidl_generator_c/cmake)
[4.544s] -- Found rosidl_adapter: 3.1.7 (/opt/ros/humble/share/rosidl_adapter/cmake)
[4.554s] -- Found rosidl_generator_cpp: 3.1.7 (/opt/ros/humble/share/rosidl_generator_cpp/cmake)
[4.573s] -- Using all available rosidl_typesupport_c: rosidl_typesupport_fastrtps_c;rosidl_typesupport_introspection_c
[4.592s] -- Using all available rosidl_typesupport_cpp: rosidl_typesupport_fastrtps_cpp;rosidl_typesupport_introspection_cpp
[4.676s] -- Found rmw_implementation_cmake: 6.1.2 (/opt/ros/humble/share/rmw_implementation_cmake/cmake)
[4.679s] -- Found rmw_fastrtps_cpp: 6.2.9 (/opt/ros/humble/share/rmw_fastrtps_cpp/cmake)
[8.680s] -- Found OpenSSL: /usr/lib/x86_64-linux-gnu/libcrypto.so (found version "3.0.2")  
[13.814s] -- Found FastRTPS: /opt/ros/humble/include  
[23.024s] -- Using RMW implementation 'rmw_fastrtps_cpp' as default
[23.034s] -- Looking for pthread.h
[23.330s] -- Looking for pthread.h - found
[23.330s] -- Performing Test CMAKE_HAVE_LIBC_PTHREAD
[23.573s] -- Performing Test CMAKE_HAVE_LIBC_PTHREAD - Success
[23.574s] -- Found Threads: TRUE  
[23.627s] -- Found urdf: 2.6.1 (/opt/ros/humble/share/urdf/cmake)
[31.553s] [31mCMake Error at CMakeLists.txt:12 (find_package):
[31.553s]   By not providing "Findmsg.cmake" in CMAKE_MODULE_PATH this project has
[31.553s]   asked CMake to find a package configuration file provided by "msg", but
[31.554s]   CMake did not find one.
[31.554s] 
[31.554s]   Could not find a package configuration file provided by "msg" with any of
[31.554s]   the following names:
[31.554s] 
[31.554s]     msgConfig.cmake
[31.554s]     msg-config.cmake
[31.554s] 
[31.554s]   Add the installation prefix of "msg" to CMAKE_PREFIX_PATH or set "msg_DIR"
[31.554s]   to a directory containing one of the above files.  If "msg" provides a
[31.554s]   separate development package or SDK, be sure it has been installed.
[31.554s] 
[31.554s] [0m
[31.554s] -- Configuring incomplete, errors occurred!
[31.554s] See also "/home/li/reference/robot/build/descripition/CMakeFiles/CMakeOutput.log".
[31.560s] Invoked command in '/home/li/reference/robot/build/descripition' returned '1': CMAKE_PREFIX_PATH=/opt/ros/humble /usr/bin/cmake /home/li/reference/robot/src/descripition -DAMENT_CMAKE_SYMLINK_INSTALL=1 -DCMAKE_INSTALL_PREFIX=/home/li/reference/robot/install/descripition
