[0.345s] DEBUG:colcon:Command line arguments: ['/usr/bin/colcon', 'build', '--symlink-install']
[0.345s] DEBUG:colcon:Parsed command line arguments: Namespace(log_base=None, log_level=None, verb_name='build', build_base='build', install_base='install', merge_install=False, symlink_install=True, test_result_base=None, continue_on_error=False, executor='parallel', parallel_workers=16, event_handlers=None, ignore_user_meta=False, metas=['./colcon.meta'], base_paths=['.'], packages_ignore=None, packages_ignore_regex=None, paths=None, packages_up_to=None, packages_up_to_regex=None, packages_above=None, packages_above_and_dependencies=None, packages_above_depth=None, packages_select_by_dep=None, packages_skip_by_dep=None, packages_skip_up_to=None, packages_select_build_failed=False, packages_skip_build_finished=False, packages_select_test_failures=False, packages_skip_test_passed=False, packages_select=None, packages_skip=None, packages_select_regex=None, packages_skip_regex=None, packages_start=None, packages_end=None, cmake_args=None, cmake_target=None, cmake_target_skip_unavailable=False, cmake_clean_cache=False, cmake_clean_first=False, cmake_force_configure=False, ament_cmake_args=None, catkin_cmake_args=None, catkin_skip_building_tests=False, verb_parser=<colcon_defaults.argument_parser.defaults.DefaultArgumentsDecorator object at 0x7d88630e43d0>, verb_extension=<colcon_core.verb.build.BuildVerb object at 0x7d88630bbdf0>, main=<bound method BuildVerb.main of <colcon_core.verb.build.BuildVerb object at 0x7d88630bbdf0>>)
[0.534s] Level 1:colcon.colcon_core.package_discovery:discover_packages(colcon_meta) check parameters
[0.534s] Level 1:colcon.colcon_core.package_discovery:discover_packages(recursive) check parameters
[0.534s] Level 1:colcon.colcon_core.package_discovery:discover_packages(ignore) check parameters
[0.534s] Level 1:colcon.colcon_core.package_discovery:discover_packages(path) check parameters
[0.534s] Level 1:colcon.colcon_core.package_discovery:discover_packages(colcon_meta) discover
[0.534s] Level 1:colcon.colcon_core.package_discovery:discover_packages(recursive) discover
[0.534s] INFO:colcon.colcon_core.package_discovery:Crawling recursively for packages in '/home/li/reference/robot'
[0.534s] Level 1:colcon.colcon_core.package_identification:_identify(.) by extensions ['ignore', 'ignore_ament_install']
[0.534s] Level 1:colcon.colcon_core.package_identification:_identify(.) by extension 'ignore'
[0.535s] Level 1:colcon.colcon_core.package_identification:_identify(.) by extension 'ignore_ament_install'
[0.535s] Level 1:colcon.colcon_core.package_identification:_identify(.) by extensions ['colcon_pkg']
[0.535s] Level 1:colcon.colcon_core.package_identification:_identify(.) by extension 'colcon_pkg'
[0.535s] Level 1:colcon.colcon_core.package_identification:_identify(.) by extensions ['colcon_meta']
[0.535s] Level 1:colcon.colcon_core.package_identification:_identify(.) by extension 'colcon_meta'
[0.535s] Level 1:colcon.colcon_core.package_identification:_identify(.) by extensions ['ros']
[0.535s] Level 1:colcon.colcon_core.package_identification:_identify(.) by extension 'ros'
[0.544s] Level 1:colcon.colcon_core.package_identification:_identify(.) by extensions ['cmake', 'python']
[0.544s] Level 1:colcon.colcon_core.package_identification:_identify(.) by extension 'cmake'
[0.544s] Level 1:colcon.colcon_core.package_identification:_identify(.) by extension 'python'
[0.544s] Level 1:colcon.colcon_core.package_identification:_identify(.) by extensions ['python_setup_py']
[0.544s] Level 1:colcon.colcon_core.package_identification:_identify(.) by extension 'python_setup_py'
[0.544s] Level 1:colcon.colcon_core.package_identification:_identify(build) by extensions ['ignore', 'ignore_ament_install']
[0.545s] Level 1:colcon.colcon_core.package_identification:_identify(build) by extension 'ignore'
[0.545s] Level 1:colcon.colcon_core.package_identification:_identify(build) ignored
[0.545s] Level 1:colcon.colcon_core.package_identification:_identify(install) by extensions ['ignore', 'ignore_ament_install']
[0.545s] Level 1:colcon.colcon_core.package_identification:_identify(install) by extension 'ignore'
[0.545s] Level 1:colcon.colcon_core.package_identification:_identify(install) ignored
[0.545s] Level 1:colcon.colcon_core.package_identification:_identify(log) by extensions ['ignore', 'ignore_ament_install']
[0.545s] Level 1:colcon.colcon_core.package_identification:_identify(log) by extension 'ignore'
[0.545s] Level 1:colcon.colcon_core.package_identification:_identify(log) ignored
[0.545s] Level 1:colcon.colcon_core.package_identification:_identify(src) by extensions ['ignore', 'ignore_ament_install']
[0.545s] Level 1:colcon.colcon_core.package_identification:_identify(src) by extension 'ignore'
[0.545s] Level 1:colcon.colcon_core.package_identification:_identify(src) by extension 'ignore_ament_install'
[0.545s] Level 1:colcon.colcon_core.package_identification:_identify(src) by extensions ['colcon_pkg']
[0.545s] Level 1:colcon.colcon_core.package_identification:_identify(src) by extension 'colcon_pkg'
[0.545s] Level 1:colcon.colcon_core.package_identification:_identify(src) by extensions ['colcon_meta']
[0.545s] Level 1:colcon.colcon_core.package_identification:_identify(src) by extension 'colcon_meta'
[0.545s] Level 1:colcon.colcon_core.package_identification:_identify(src) by extensions ['ros']
[0.545s] Level 1:colcon.colcon_core.package_identification:_identify(src) by extension 'ros'
[0.545s] Level 1:colcon.colcon_core.package_identification:_identify(src) by extensions ['cmake', 'python']
[0.545s] Level 1:colcon.colcon_core.package_identification:_identify(src) by extension 'cmake'
[0.545s] Level 1:colcon.colcon_core.package_identification:_identify(src) by extension 'python'
[0.545s] Level 1:colcon.colcon_core.package_identification:_identify(src) by extensions ['python_setup_py']
[0.545s] Level 1:colcon.colcon_core.package_identification:_identify(src) by extension 'python_setup_py'
[0.545s] Level 1:colcon.colcon_core.package_identification:_identify(src/robot_moveit_demo) by extensions ['ignore', 'ignore_ament_install']
[0.545s] Level 1:colcon.colcon_core.package_identification:_identify(src/robot_moveit_demo) by extension 'ignore'
[0.545s] Level 1:colcon.colcon_core.package_identification:_identify(src/robot_moveit_demo) by extension 'ignore_ament_install'
[0.545s] Level 1:colcon.colcon_core.package_identification:_identify(src/robot_moveit_demo) by extensions ['colcon_pkg']
[0.545s] Level 1:colcon.colcon_core.package_identification:_identify(src/robot_moveit_demo) by extension 'colcon_pkg'
[0.545s] Level 1:colcon.colcon_core.package_identification:_identify(src/robot_moveit_demo) by extensions ['colcon_meta']
[0.545s] Level 1:colcon.colcon_core.package_identification:_identify(src/robot_moveit_demo) by extension 'colcon_meta'
[0.545s] Level 1:colcon.colcon_core.package_identification:_identify(src/robot_moveit_demo) by extensions ['ros']
[0.545s] Level 1:colcon.colcon_core.package_identification:_identify(src/robot_moveit_demo) by extension 'ros'
[0.548s] DEBUG:colcon.colcon_core.package_identification:Package 'src/robot_moveit_demo' with type 'ros.ament_cmake' and name 'robot_moveit_demo'
[0.548s] Level 1:colcon.colcon_core.package_identification:_identify(src/visual_robot) by extensions ['ignore', 'ignore_ament_install']
[0.548s] Level 1:colcon.colcon_core.package_identification:_identify(src/visual_robot) by extension 'ignore'
[0.548s] Level 1:colcon.colcon_core.package_identification:_identify(src/visual_robot) by extension 'ignore_ament_install'
[0.548s] Level 1:colcon.colcon_core.package_identification:_identify(src/visual_robot) by extensions ['colcon_pkg']
[0.548s] Level 1:colcon.colcon_core.package_identification:_identify(src/visual_robot) by extension 'colcon_pkg'
[0.548s] Level 1:colcon.colcon_core.package_identification:_identify(src/visual_robot) by extensions ['colcon_meta']
[0.548s] Level 1:colcon.colcon_core.package_identification:_identify(src/visual_robot) by extension 'colcon_meta'
[0.548s] Level 1:colcon.colcon_core.package_identification:_identify(src/visual_robot) by extensions ['ros']
[0.548s] Level 1:colcon.colcon_core.package_identification:_identify(src/visual_robot) by extension 'ros'
[0.549s] DEBUG:colcon.colcon_core.package_identification:Package 'src/visual_robot' with type 'ros.ament_cmake' and name 'visual_robot'
[0.549s] Level 1:colcon.colcon_core.package_discovery:discover_packages(recursive) using defaults
[0.549s] Level 1:colcon.colcon_core.package_discovery:discover_packages(ignore) discover
[0.549s] Level 1:colcon.colcon_core.package_discovery:discover_packages(ignore) using defaults
[0.549s] Level 1:colcon.colcon_core.package_discovery:discover_packages(path) discover
[0.549s] Level 1:colcon.colcon_core.package_discovery:discover_packages(path) using defaults
[0.567s] Level 5:colcon.colcon_core.verb:set package 'robot_moveit_demo' build argument 'cmake_args' from command line to 'None'
[0.568s] Level 5:colcon.colcon_core.verb:set package 'robot_moveit_demo' build argument 'cmake_target' from command line to 'None'
[0.568s] Level 5:colcon.colcon_core.verb:set package 'robot_moveit_demo' build argument 'cmake_target_skip_unavailable' from command line to 'False'
[0.568s] Level 5:colcon.colcon_core.verb:set package 'robot_moveit_demo' build argument 'cmake_clean_cache' from command line to 'False'
[0.568s] Level 5:colcon.colcon_core.verb:set package 'robot_moveit_demo' build argument 'cmake_clean_first' from command line to 'False'
[0.568s] Level 5:colcon.colcon_core.verb:set package 'robot_moveit_demo' build argument 'cmake_force_configure' from command line to 'False'
[0.568s] Level 5:colcon.colcon_core.verb:set package 'robot_moveit_demo' build argument 'ament_cmake_args' from command line to 'None'
[0.568s] Level 5:colcon.colcon_core.verb:set package 'robot_moveit_demo' build argument 'catkin_cmake_args' from command line to 'None'
[0.568s] Level 5:colcon.colcon_core.verb:set package 'robot_moveit_demo' build argument 'catkin_skip_building_tests' from command line to 'False'
[0.568s] DEBUG:colcon.colcon_core.verb:Building package 'robot_moveit_demo' with the following arguments: {'ament_cmake_args': None, 'build_base': '/home/li/reference/robot/build/robot_moveit_demo', 'catkin_cmake_args': None, 'catkin_skip_building_tests': False, 'cmake_args': None, 'cmake_clean_cache': False, 'cmake_clean_first': False, 'cmake_force_configure': False, 'cmake_target': None, 'cmake_target_skip_unavailable': False, 'install_base': '/home/li/reference/robot/install/robot_moveit_demo', 'merge_install': False, 'path': '/home/li/reference/robot/src/robot_moveit_demo', 'symlink_install': True, 'test_result_base': None}
[0.568s] Level 5:colcon.colcon_core.verb:set package 'visual_robot' build argument 'cmake_args' from command line to 'None'
[0.568s] Level 5:colcon.colcon_core.verb:set package 'visual_robot' build argument 'cmake_target' from command line to 'None'
[0.568s] Level 5:colcon.colcon_core.verb:set package 'visual_robot' build argument 'cmake_target_skip_unavailable' from command line to 'False'
[0.568s] Level 5:colcon.colcon_core.verb:set package 'visual_robot' build argument 'cmake_clean_cache' from command line to 'False'
[0.568s] Level 5:colcon.colcon_core.verb:set package 'visual_robot' build argument 'cmake_clean_first' from command line to 'False'
[0.568s] Level 5:colcon.colcon_core.verb:set package 'visual_robot' build argument 'cmake_force_configure' from command line to 'False'
[0.568s] Level 5:colcon.colcon_core.verb:set package 'visual_robot' build argument 'ament_cmake_args' from command line to 'None'
[0.568s] Level 5:colcon.colcon_core.verb:set package 'visual_robot' build argument 'catkin_cmake_args' from command line to 'None'
[0.568s] Level 5:colcon.colcon_core.verb:set package 'visual_robot' build argument 'catkin_skip_building_tests' from command line to 'False'
[0.568s] DEBUG:colcon.colcon_core.verb:Building package 'visual_robot' with the following arguments: {'ament_cmake_args': None, 'build_base': '/home/li/reference/robot/build/visual_robot', 'catkin_cmake_args': None, 'catkin_skip_building_tests': False, 'cmake_args': None, 'cmake_clean_cache': False, 'cmake_clean_first': False, 'cmake_force_configure': False, 'cmake_target': None, 'cmake_target_skip_unavailable': False, 'install_base': '/home/li/reference/robot/install/visual_robot', 'merge_install': False, 'path': '/home/li/reference/robot/src/visual_robot', 'symlink_install': True, 'test_result_base': None}
[0.568s] INFO:colcon.colcon_core.executor:Executing jobs using 'parallel' executor
[0.569s] DEBUG:colcon.colcon_parallel_executor.executor.parallel:run_until_complete
[0.569s] INFO:colcon.colcon_ros.task.ament_cmake.build:Building ROS package in '/home/li/reference/robot/src/robot_moveit_demo' with build type 'ament_cmake'
[0.569s] INFO:colcon.colcon_cmake.task.cmake.build:Building CMake package in '/home/li/reference/robot/src/robot_moveit_demo'
[0.572s] INFO:colcon.colcon_core.plugin_system:Skipping extension 'colcon_core.shell.bat': Not used on non-Windows systems
[0.572s] INFO:colcon.colcon_core.shell:Skip shell extension 'powershell' for command environment: Not usable outside of PowerShell
[0.572s] DEBUG:colcon.colcon_core.shell:Skip shell extension 'dsv' for command environment
[0.573s] WARNING:colcon.colcon_ros.prefix_path.ament:The path '/home/li/reference/robot/install/visual_robot' in the environment variable AMENT_PREFIX_PATH doesn't exist
[0.573s] WARNING:colcon.colcon_ros.prefix_path.ament:The path '/home/li/reference/robot/install/robot_moveit_demo' in the environment variable AMENT_PREFIX_PATH doesn't exist
[0.574s] WARNING:colcon.colcon_ros.prefix_path.catkin:The path '/home/li/reference/robot/install/visual_robot' in the environment variable CMAKE_PREFIX_PATH doesn't exist
[0.574s] WARNING:colcon.colcon_ros.prefix_path.catkin:The path '/home/li/reference/robot/install/robot_moveit_demo' in the environment variable CMAKE_PREFIX_PATH doesn't exist
[0.580s] INFO:colcon.colcon_ros.task.ament_cmake.build:Building ROS package in '/home/li/reference/robot/src/visual_robot' with build type 'ament_cmake'
[0.580s] INFO:colcon.colcon_cmake.task.cmake.build:Building CMake package in '/home/li/reference/robot/src/visual_robot'
[0.580s] INFO:colcon.colcon_core.shell:Skip shell extension 'powershell' for command environment: Not usable outside of PowerShell
[0.580s] DEBUG:colcon.colcon_core.shell:Skip shell extension 'dsv' for command environment
[0.588s] DEBUG:colcon.colcon_core.event_handler.log_command:Invoking command in '/home/li/reference/robot/build/robot_moveit_demo': CMAKE_PREFIX_PATH=${CMAKE_PREFIX_PATH}:/opt/ros/humble /usr/bin/cmake /home/li/reference/robot/src/robot_moveit_demo -DAMENT_CMAKE_SYMLINK_INSTALL=1 -DCMAKE_INSTALL_PREFIX=/home/li/reference/robot/install/robot_moveit_demo
[0.603s] DEBUG:colcon.colcon_core.event_handler.log_command:Invoking command in '/home/li/reference/robot/build/visual_robot': CMAKE_PREFIX_PATH=${CMAKE_PREFIX_PATH}:/opt/ros/humble /usr/bin/cmake /home/li/reference/robot/src/visual_robot -DAMENT_CMAKE_SYMLINK_INSTALL=1 -DCMAKE_INSTALL_PREFIX=/home/li/reference/robot/install/visual_robot
[10.930s] DEBUG:colcon.colcon_core.event_handler.log_command:Invoked command in '/home/li/reference/robot/build/robot_moveit_demo' returned '0': CMAKE_PREFIX_PATH=${CMAKE_PREFIX_PATH}:/opt/ros/humble /usr/bin/cmake /home/li/reference/robot/src/robot_moveit_demo -DAMENT_CMAKE_SYMLINK_INSTALL=1 -DCMAKE_INSTALL_PREFIX=/home/li/reference/robot/install/robot_moveit_demo
[10.931s] DEBUG:colcon.colcon_core.event_handler.log_command:Invoking command in '/home/li/reference/robot/build/robot_moveit_demo': CMAKE_PREFIX_PATH=${CMAKE_PREFIX_PATH}:/opt/ros/humble /usr/bin/cmake --build /home/li/reference/robot/build/robot_moveit_demo -- -j16 -l16
[10.933s] DEBUG:colcon.colcon_core.event_handler.log_command:Invoked command in '/home/li/reference/robot/build/visual_robot' returned '0': CMAKE_PREFIX_PATH=${CMAKE_PREFIX_PATH}:/opt/ros/humble /usr/bin/cmake /home/li/reference/robot/src/visual_robot -DAMENT_CMAKE_SYMLINK_INSTALL=1 -DCMAKE_INSTALL_PREFIX=/home/li/reference/robot/install/visual_robot
[10.934s] DEBUG:colcon.colcon_core.event_handler.log_command:Invoking command in '/home/li/reference/robot/build/visual_robot': CMAKE_PREFIX_PATH=${CMAKE_PREFIX_PATH}:/opt/ros/humble /usr/bin/cmake --build /home/li/reference/robot/build/visual_robot -- -j16 -l16
[10.954s] DEBUG:colcon.colcon_core.event_handler.log_command:Invoked command in '/home/li/reference/robot/build/robot_moveit_demo' returned '0': CMAKE_PREFIX_PATH=${CMAKE_PREFIX_PATH}:/opt/ros/humble /usr/bin/cmake --build /home/li/reference/robot/build/robot_moveit_demo -- -j16 -l16
[10.960s] DEBUG:colcon.colcon_core.event_handler.log_command:Invoking command in '/home/li/reference/robot/build/robot_moveit_demo': CMAKE_PREFIX_PATH=${CMAKE_PREFIX_PATH}:/opt/ros/humble /usr/bin/cmake --install /home/li/reference/robot/build/robot_moveit_demo
[10.961s] DEBUG:colcon.colcon_core.event_handler.log_command:Invoked command in '/home/li/reference/robot/build/visual_robot' returned '0': CMAKE_PREFIX_PATH=${CMAKE_PREFIX_PATH}:/opt/ros/humble /usr/bin/cmake --build /home/li/reference/robot/build/visual_robot -- -j16 -l16
[10.962s] DEBUG:colcon.colcon_core.event_handler.log_command:Invoking command in '/home/li/reference/robot/build/visual_robot': CMAKE_PREFIX_PATH=${CMAKE_PREFIX_PATH}:/opt/ros/humble /usr/bin/cmake --install /home/li/reference/robot/build/visual_robot
[11.050s] Level 1:colcon.colcon_core.environment:create_environment_scripts_only(robot_moveit_demo)
[11.051s] DEBUG:colcon.colcon_core.event_handler.log_command:Invoked command in '/home/li/reference/robot/build/robot_moveit_demo' returned '0': CMAKE_PREFIX_PATH=${CMAKE_PREFIX_PATH}:/opt/ros/humble /usr/bin/cmake --install /home/li/reference/robot/build/robot_moveit_demo
[11.055s] Level 1:colcon.colcon_core.environment:checking '/home/li/reference/robot/install/robot_moveit_demo' for CMake module files
[11.055s] Level 1:colcon.colcon_core.environment:checking '/home/li/reference/robot/install/robot_moveit_demo' for CMake config files
[11.056s] Level 1:colcon.colcon_core.shell:create_environment_hook('robot_moveit_demo', 'cmake_prefix_path')
[11.056s] INFO:colcon.colcon_core.shell:Creating environment hook '/home/li/reference/robot/install/robot_moveit_demo/share/robot_moveit_demo/hook/cmake_prefix_path.ps1'
[11.057s] INFO:colcon.colcon_core.shell:Creating environment descriptor '/home/li/reference/robot/install/robot_moveit_demo/share/robot_moveit_demo/hook/cmake_prefix_path.dsv'
[11.057s] INFO:colcon.colcon_core.shell:Creating environment hook '/home/li/reference/robot/install/robot_moveit_demo/share/robot_moveit_demo/hook/cmake_prefix_path.sh'
[11.058s] Level 1:colcon.colcon_core.environment:checking '/home/li/reference/robot/install/robot_moveit_demo/bin'
[11.058s] Level 1:colcon.colcon_core.environment:checking '/home/li/reference/robot/install/robot_moveit_demo/lib/pkgconfig/robot_moveit_demo.pc'
[11.059s] Level 1:colcon.colcon_core.environment:checking '/home/li/reference/robot/install/robot_moveit_demo/lib/python3.10/site-packages'
[11.059s] Level 1:colcon.colcon_core.environment:checking '/home/li/reference/robot/install/robot_moveit_demo/bin'
[11.059s] INFO:colcon.colcon_core.shell:Creating package script '/home/li/reference/robot/install/robot_moveit_demo/share/robot_moveit_demo/package.ps1'
[11.060s] INFO:colcon.colcon_core.shell:Creating package descriptor '/home/li/reference/robot/install/robot_moveit_demo/share/robot_moveit_demo/package.dsv'
[11.061s] INFO:colcon.colcon_core.shell:Creating package script '/home/li/reference/robot/install/robot_moveit_demo/share/robot_moveit_demo/package.sh'
[11.061s] INFO:colcon.colcon_core.shell:Creating package script '/home/li/reference/robot/install/robot_moveit_demo/share/robot_moveit_demo/package.bash'
[11.062s] INFO:colcon.colcon_core.shell:Creating package script '/home/li/reference/robot/install/robot_moveit_demo/share/robot_moveit_demo/package.zsh'
[11.062s] Level 1:colcon.colcon_core.environment:create_file_with_runtime_dependencies(/home/li/reference/robot/install/robot_moveit_demo/share/colcon-core/packages/robot_moveit_demo)
[11.063s] Level 1:colcon.colcon_core.environment:create_environment_scripts_only(robot_moveit_demo)
[11.063s] Level 1:colcon.colcon_core.environment:checking '/home/li/reference/robot/install/robot_moveit_demo' for CMake module files
[11.063s] Level 1:colcon.colcon_core.environment:checking '/home/li/reference/robot/install/robot_moveit_demo' for CMake config files
[11.064s] Level 1:colcon.colcon_core.shell:create_environment_hook('robot_moveit_demo', 'cmake_prefix_path')
[11.064s] INFO:colcon.colcon_core.shell:Creating environment hook '/home/li/reference/robot/install/robot_moveit_demo/share/robot_moveit_demo/hook/cmake_prefix_path.ps1'
[11.064s] INFO:colcon.colcon_core.shell:Creating environment descriptor '/home/li/reference/robot/install/robot_moveit_demo/share/robot_moveit_demo/hook/cmake_prefix_path.dsv'
[11.064s] INFO:colcon.colcon_core.shell:Creating environment hook '/home/li/reference/robot/install/robot_moveit_demo/share/robot_moveit_demo/hook/cmake_prefix_path.sh'
[11.065s] Level 1:colcon.colcon_core.environment:checking '/home/li/reference/robot/install/robot_moveit_demo/bin'
[11.065s] Level 1:colcon.colcon_core.environment:checking '/home/li/reference/robot/install/robot_moveit_demo/lib/pkgconfig/robot_moveit_demo.pc'
[11.065s] Level 1:colcon.colcon_core.environment:checking '/home/li/reference/robot/install/robot_moveit_demo/lib/python3.10/site-packages'
[11.065s] Level 1:colcon.colcon_core.environment:checking '/home/li/reference/robot/install/robot_moveit_demo/bin'
[11.065s] INFO:colcon.colcon_core.shell:Creating package script '/home/li/reference/robot/install/robot_moveit_demo/share/robot_moveit_demo/package.ps1'
[11.066s] INFO:colcon.colcon_core.shell:Creating package descriptor '/home/li/reference/robot/install/robot_moveit_demo/share/robot_moveit_demo/package.dsv'
[11.066s] INFO:colcon.colcon_core.shell:Creating package script '/home/li/reference/robot/install/robot_moveit_demo/share/robot_moveit_demo/package.sh'
[11.066s] INFO:colcon.colcon_core.shell:Creating package script '/home/li/reference/robot/install/robot_moveit_demo/share/robot_moveit_demo/package.bash'
[11.067s] INFO:colcon.colcon_core.shell:Creating package script '/home/li/reference/robot/install/robot_moveit_demo/share/robot_moveit_demo/package.zsh'
[11.067s] Level 1:colcon.colcon_core.environment:create_file_with_runtime_dependencies(/home/li/reference/robot/install/robot_moveit_demo/share/colcon-core/packages/robot_moveit_demo)
[11.465s] Level 1:colcon.colcon_core.environment:create_environment_scripts_only(visual_robot)
[11.466s] Level 1:colcon.colcon_core.environment:checking '/home/li/reference/robot/install/visual_robot' for CMake module files
[11.466s] DEBUG:colcon.colcon_core.event_handler.log_command:Invoked command in '/home/li/reference/robot/build/visual_robot' returned '0': CMAKE_PREFIX_PATH=${CMAKE_PREFIX_PATH}:/opt/ros/humble /usr/bin/cmake --install /home/li/reference/robot/build/visual_robot
[11.466s] Level 1:colcon.colcon_core.environment:checking '/home/li/reference/robot/install/visual_robot' for CMake config files
[11.467s] Level 1:colcon.colcon_core.shell:create_environment_hook('visual_robot', 'cmake_prefix_path')
[11.467s] INFO:colcon.colcon_core.shell:Creating environment hook '/home/li/reference/robot/install/visual_robot/share/visual_robot/hook/cmake_prefix_path.ps1'
[11.467s] INFO:colcon.colcon_core.shell:Creating environment descriptor '/home/li/reference/robot/install/visual_robot/share/visual_robot/hook/cmake_prefix_path.dsv'
[11.468s] INFO:colcon.colcon_core.shell:Creating environment hook '/home/li/reference/robot/install/visual_robot/share/visual_robot/hook/cmake_prefix_path.sh'
[11.468s] Level 1:colcon.colcon_core.environment:checking '/home/li/reference/robot/install/visual_robot/bin'
[11.468s] Level 1:colcon.colcon_core.environment:checking '/home/li/reference/robot/install/visual_robot/lib/pkgconfig/visual_robot.pc'
[11.468s] Level 1:colcon.colcon_core.environment:checking '/home/li/reference/robot/install/visual_robot/lib/python3.10/site-packages'
[11.468s] Level 1:colcon.colcon_core.environment:checking '/home/li/reference/robot/install/visual_robot/bin'
[11.468s] INFO:colcon.colcon_core.shell:Creating package script '/home/li/reference/robot/install/visual_robot/share/visual_robot/package.ps1'
[11.469s] INFO:colcon.colcon_core.shell:Creating package descriptor '/home/li/reference/robot/install/visual_robot/share/visual_robot/package.dsv'
[11.469s] INFO:colcon.colcon_core.shell:Creating package script '/home/li/reference/robot/install/visual_robot/share/visual_robot/package.sh'
[11.470s] INFO:colcon.colcon_core.shell:Creating package script '/home/li/reference/robot/install/visual_robot/share/visual_robot/package.bash'
[11.470s] INFO:colcon.colcon_core.shell:Creating package script '/home/li/reference/robot/install/visual_robot/share/visual_robot/package.zsh'
[11.470s] Level 1:colcon.colcon_core.environment:create_file_with_runtime_dependencies(/home/li/reference/robot/install/visual_robot/share/colcon-core/packages/visual_robot)
[11.471s] Level 1:colcon.colcon_core.environment:create_environment_scripts_only(visual_robot)
[11.471s] Level 1:colcon.colcon_core.environment:checking '/home/li/reference/robot/install/visual_robot' for CMake module files
[11.471s] Level 1:colcon.colcon_core.environment:checking '/home/li/reference/robot/install/visual_robot' for CMake config files
[11.471s] Level 1:colcon.colcon_core.shell:create_environment_hook('visual_robot', 'cmake_prefix_path')
[11.472s] INFO:colcon.colcon_core.shell:Creating environment hook '/home/li/reference/robot/install/visual_robot/share/visual_robot/hook/cmake_prefix_path.ps1'
[11.472s] INFO:colcon.colcon_core.shell:Creating environment descriptor '/home/li/reference/robot/install/visual_robot/share/visual_robot/hook/cmake_prefix_path.dsv'
[11.472s] INFO:colcon.colcon_core.shell:Creating environment hook '/home/li/reference/robot/install/visual_robot/share/visual_robot/hook/cmake_prefix_path.sh'
[11.473s] Level 1:colcon.colcon_core.environment:checking '/home/li/reference/robot/install/visual_robot/bin'
[11.473s] Level 1:colcon.colcon_core.environment:checking '/home/li/reference/robot/install/visual_robot/lib/pkgconfig/visual_robot.pc'
[11.473s] Level 1:colcon.colcon_core.environment:checking '/home/li/reference/robot/install/visual_robot/lib/python3.10/site-packages'
[11.473s] Level 1:colcon.colcon_core.environment:checking '/home/li/reference/robot/install/visual_robot/bin'
[11.473s] INFO:colcon.colcon_core.shell:Creating package script '/home/li/reference/robot/install/visual_robot/share/visual_robot/package.ps1'
[11.474s] INFO:colcon.colcon_core.shell:Creating package descriptor '/home/li/reference/robot/install/visual_robot/share/visual_robot/package.dsv'
[11.474s] INFO:colcon.colcon_core.shell:Creating package script '/home/li/reference/robot/install/visual_robot/share/visual_robot/package.sh'
[11.474s] INFO:colcon.colcon_core.shell:Creating package script '/home/li/reference/robot/install/visual_robot/share/visual_robot/package.bash'
[11.474s] INFO:colcon.colcon_core.shell:Creating package script '/home/li/reference/robot/install/visual_robot/share/visual_robot/package.zsh'
[11.475s] Level 1:colcon.colcon_core.environment:create_file_with_runtime_dependencies(/home/li/reference/robot/install/visual_robot/share/colcon-core/packages/visual_robot)
[11.475s] DEBUG:colcon.colcon_parallel_executor.executor.parallel:closing loop
[11.477s] DEBUG:colcon.colcon_parallel_executor.executor.parallel:loop closed
[11.477s] DEBUG:colcon.colcon_parallel_executor.executor.parallel:run_until_complete finished with '0'
[11.477s] DEBUG:colcon.colcon_core.event_reactor:joining thread
[11.626s] INFO:colcon.colcon_core.plugin_system:Skipping extension 'colcon_notification.desktop_notification.notify_send': Could not find 'notify-send'
[11.626s] INFO:colcon.colcon_core.plugin_system:Skipping extension 'colcon_notification.desktop_notification.terminal_notifier': Not used on non-Darwin systems
[11.626s] INFO:colcon.colcon_core.plugin_system:Skipping extension 'colcon_notification.desktop_notification.win32': Not used on non-Windows systems
[11.626s] INFO:colcon.colcon_notification.desktop_notification:Sending desktop notification using 'notify2'
[11.627s] DEBUG:colcon.colcon_notification.desktop_notification.notify2:Failed to initialize notify2: org.freedesktop.DBus.Error.FileNotFound: Failed to connect to socket /run/user/1000/bus: No such file or directory
[11.627s] DEBUG:colcon.colcon_core.event_reactor:joined thread
[11.627s] INFO:colcon.colcon_core.shell:Creating prefix script '/home/li/reference/robot/install/local_setup.ps1'
[11.628s] INFO:colcon.colcon_core.shell:Creating prefix util module '/home/li/reference/robot/install/_local_setup_util_ps1.py'
[11.629s] INFO:colcon.colcon_core.shell:Creating prefix chain script '/home/li/reference/robot/install/setup.ps1'
[11.630s] INFO:colcon.colcon_core.shell:Creating prefix script '/home/li/reference/robot/install/local_setup.sh'
[11.631s] INFO:colcon.colcon_core.shell:Creating prefix util module '/home/li/reference/robot/install/_local_setup_util_sh.py'
[11.631s] INFO:colcon.colcon_core.shell:Creating prefix chain script '/home/li/reference/robot/install/setup.sh'
[11.632s] INFO:colcon.colcon_core.shell:Creating prefix script '/home/li/reference/robot/install/local_setup.bash'
[11.632s] INFO:colcon.colcon_core.shell:Creating prefix chain script '/home/li/reference/robot/install/setup.bash'
[11.633s] INFO:colcon.colcon_core.shell:Creating prefix script '/home/li/reference/robot/install/local_setup.zsh'
[11.633s] INFO:colcon.colcon_core.shell:Creating prefix chain script '/home/li/reference/robot/install/setup.zsh'
