[0.465s] DEBUG:colcon:Command line arguments: ['/usr/bin/colcon', 'build', '--symlink-install']
[0.465s] DEBUG:colcon:Parsed command line arguments: Namespace(log_base=None, log_level=None, verb_name='build', build_base='build', install_base='install', merge_install=False, symlink_install=True, test_result_base=None, continue_on_error=False, executor='parallel', parallel_workers=16, event_handlers=None, ignore_user_meta=False, metas=['./colcon.meta'], base_paths=['.'], packages_ignore=None, packages_ignore_regex=None, paths=None, packages_up_to=None, packages_up_to_regex=None, packages_above=None, packages_above_and_dependencies=None, packages_above_depth=None, packages_select_by_dep=None, packages_skip_by_dep=None, packages_skip_up_to=None, packages_select_build_failed=False, packages_skip_build_finished=False, packages_select_test_failures=False, packages_skip_test_passed=False, packages_select=None, packages_skip=None, packages_select_regex=None, packages_skip_regex=None, packages_start=None, packages_end=None, cmake_args=None, cmake_target=None, cmake_target_skip_unavailable=False, cmake_clean_cache=False, cmake_clean_first=False, cmake_force_configure=False, ament_cmake_args=None, catkin_cmake_args=None, catkin_skip_building_tests=False, verb_parser=<colcon_defaults.argument_parser.defaults.DefaultArgumentsDecorator object at 0x7de7880445e0>, verb_extension=<colcon_core.verb.build.BuildVerb object at 0x7de7880440a0>, main=<bound method BuildVerb.main of <colcon_core.verb.build.BuildVerb object at 0x7de7880440a0>>)
[0.578s] Level 1:colcon.colcon_core.package_discovery:discover_packages(colcon_meta) check parameters
[0.578s] Level 1:colcon.colcon_core.package_discovery:discover_packages(recursive) check parameters
[0.578s] Level 1:colcon.colcon_core.package_discovery:discover_packages(ignore) check parameters
[0.578s] Level 1:colcon.colcon_core.package_discovery:discover_packages(path) check parameters
[0.578s] Level 1:colcon.colcon_core.package_discovery:discover_packages(colcon_meta) discover
[0.578s] Level 1:colcon.colcon_core.package_discovery:discover_packages(recursive) discover
[0.578s] INFO:colcon.colcon_core.package_discovery:Crawling recursively for packages in '/home/li/reference/robot'
[0.578s] Level 1:colcon.colcon_core.package_identification:_identify(.) by extensions ['ignore', 'ignore_ament_install']
[0.578s] Level 1:colcon.colcon_core.package_identification:_identify(.) by extension 'ignore'
[0.578s] Level 1:colcon.colcon_core.package_identification:_identify(.) by extension 'ignore_ament_install'
[0.578s] Level 1:colcon.colcon_core.package_identification:_identify(.) by extensions ['colcon_pkg']
[0.578s] Level 1:colcon.colcon_core.package_identification:_identify(.) by extension 'colcon_pkg'
[0.578s] Level 1:colcon.colcon_core.package_identification:_identify(.) by extensions ['colcon_meta']
[0.578s] Level 1:colcon.colcon_core.package_identification:_identify(.) by extension 'colcon_meta'
[0.578s] Level 1:colcon.colcon_core.package_identification:_identify(.) by extensions ['ros']
[0.578s] Level 1:colcon.colcon_core.package_identification:_identify(.) by extension 'ros'
[0.587s] Level 1:colcon.colcon_core.package_identification:_identify(.) by extensions ['cmake', 'python']
[0.587s] Level 1:colcon.colcon_core.package_identification:_identify(.) by extension 'cmake'
[0.587s] Level 1:colcon.colcon_core.package_identification:_identify(.) by extension 'python'
[0.587s] Level 1:colcon.colcon_core.package_identification:_identify(.) by extensions ['python_setup_py']
[0.587s] Level 1:colcon.colcon_core.package_identification:_identify(.) by extension 'python_setup_py'
[0.587s] Level 1:colcon.colcon_core.package_identification:_identify(build) by extensions ['ignore', 'ignore_ament_install']
[0.587s] Level 1:colcon.colcon_core.package_identification:_identify(build) by extension 'ignore'
[0.587s] Level 1:colcon.colcon_core.package_identification:_identify(build) ignored
[0.587s] Level 1:colcon.colcon_core.package_identification:_identify(install) by extensions ['ignore', 'ignore_ament_install']
[0.587s] Level 1:colcon.colcon_core.package_identification:_identify(install) by extension 'ignore'
[0.587s] Level 1:colcon.colcon_core.package_identification:_identify(install) ignored
[0.587s] Level 1:colcon.colcon_core.package_identification:_identify(log) by extensions ['ignore', 'ignore_ament_install']
[0.587s] Level 1:colcon.colcon_core.package_identification:_identify(log) by extension 'ignore'
[0.587s] Level 1:colcon.colcon_core.package_identification:_identify(log) ignored
[0.588s] Level 1:colcon.colcon_core.package_identification:_identify(src) by extensions ['ignore', 'ignore_ament_install']
[0.588s] Level 1:colcon.colcon_core.package_identification:_identify(src) by extension 'ignore'
[0.588s] Level 1:colcon.colcon_core.package_identification:_identify(src) by extension 'ignore_ament_install'
[0.588s] Level 1:colcon.colcon_core.package_identification:_identify(src) by extensions ['colcon_pkg']
[0.588s] Level 1:colcon.colcon_core.package_identification:_identify(src) by extension 'colcon_pkg'
[0.588s] Level 1:colcon.colcon_core.package_identification:_identify(src) by extensions ['colcon_meta']
[0.588s] Level 1:colcon.colcon_core.package_identification:_identify(src) by extension 'colcon_meta'
[0.588s] Level 1:colcon.colcon_core.package_identification:_identify(src) by extensions ['ros']
[0.588s] Level 1:colcon.colcon_core.package_identification:_identify(src) by extension 'ros'
[0.588s] Level 1:colcon.colcon_core.package_identification:_identify(src) by extensions ['cmake', 'python']
[0.588s] Level 1:colcon.colcon_core.package_identification:_identify(src) by extension 'cmake'
[0.588s] Level 1:colcon.colcon_core.package_identification:_identify(src) by extension 'python'
[0.588s] Level 1:colcon.colcon_core.package_identification:_identify(src) by extensions ['python_setup_py']
[0.588s] Level 1:colcon.colcon_core.package_identification:_identify(src) by extension 'python_setup_py'
[0.588s] Level 1:colcon.colcon_core.package_identification:_identify(src/visual_robot) by extensions ['ignore', 'ignore_ament_install']
[0.588s] Level 1:colcon.colcon_core.package_identification:_identify(src/visual_robot) by extension 'ignore'
[0.588s] Level 1:colcon.colcon_core.package_identification:_identify(src/visual_robot) by extension 'ignore_ament_install'
[0.588s] Level 1:colcon.colcon_core.package_identification:_identify(src/visual_robot) by extensions ['colcon_pkg']
[0.588s] Level 1:colcon.colcon_core.package_identification:_identify(src/visual_robot) by extension 'colcon_pkg'
[0.588s] Level 1:colcon.colcon_core.package_identification:_identify(src/visual_robot) by extensions ['colcon_meta']
[0.588s] Level 1:colcon.colcon_core.package_identification:_identify(src/visual_robot) by extension 'colcon_meta'
[0.588s] Level 1:colcon.colcon_core.package_identification:_identify(src/visual_robot) by extensions ['ros']
[0.588s] Level 1:colcon.colcon_core.package_identification:_identify(src/visual_robot) by extension 'ros'
[0.590s] DEBUG:colcon.colcon_core.package_identification:Package 'src/visual_robot' with type 'ros.ament_cmake' and name 'visual_robot'
[0.590s] Level 1:colcon.colcon_core.package_discovery:discover_packages(recursive) using defaults
[0.590s] Level 1:colcon.colcon_core.package_discovery:discover_packages(ignore) discover
[0.590s] Level 1:colcon.colcon_core.package_discovery:discover_packages(ignore) using defaults
[0.590s] Level 1:colcon.colcon_core.package_discovery:discover_packages(path) discover
[0.590s] Level 1:colcon.colcon_core.package_discovery:discover_packages(path) using defaults
[0.605s] Level 5:colcon.colcon_core.verb:set package 'visual_robot' build argument 'cmake_args' from command line to 'None'
[0.605s] Level 5:colcon.colcon_core.verb:set package 'visual_robot' build argument 'cmake_target' from command line to 'None'
[0.605s] Level 5:colcon.colcon_core.verb:set package 'visual_robot' build argument 'cmake_target_skip_unavailable' from command line to 'False'
[0.605s] Level 5:colcon.colcon_core.verb:set package 'visual_robot' build argument 'cmake_clean_cache' from command line to 'False'
[0.605s] Level 5:colcon.colcon_core.verb:set package 'visual_robot' build argument 'cmake_clean_first' from command line to 'False'
[0.605s] Level 5:colcon.colcon_core.verb:set package 'visual_robot' build argument 'cmake_force_configure' from command line to 'False'
[0.605s] Level 5:colcon.colcon_core.verb:set package 'visual_robot' build argument 'ament_cmake_args' from command line to 'None'
[0.605s] Level 5:colcon.colcon_core.verb:set package 'visual_robot' build argument 'catkin_cmake_args' from command line to 'None'
[0.605s] Level 5:colcon.colcon_core.verb:set package 'visual_robot' build argument 'catkin_skip_building_tests' from command line to 'False'
[0.605s] DEBUG:colcon.colcon_core.verb:Building package 'visual_robot' with the following arguments: {'ament_cmake_args': None, 'build_base': '/home/li/reference/robot/build/visual_robot', 'catkin_cmake_args': None, 'catkin_skip_building_tests': False, 'cmake_args': None, 'cmake_clean_cache': False, 'cmake_clean_first': False, 'cmake_force_configure': False, 'cmake_target': None, 'cmake_target_skip_unavailable': False, 'install_base': '/home/li/reference/robot/install/visual_robot', 'merge_install': False, 'path': '/home/li/reference/robot/src/visual_robot', 'symlink_install': True, 'test_result_base': None}
[0.605s] INFO:colcon.colcon_core.executor:Executing jobs using 'parallel' executor
[0.606s] DEBUG:colcon.colcon_parallel_executor.executor.parallel:run_until_complete
[0.607s] INFO:colcon.colcon_ros.task.ament_cmake.build:Building ROS package in '/home/li/reference/robot/src/visual_robot' with build type 'ament_cmake'
[0.607s] INFO:colcon.colcon_cmake.task.cmake.build:Building CMake package in '/home/li/reference/robot/src/visual_robot'
[0.609s] INFO:colcon.colcon_core.plugin_system:Skipping extension 'colcon_core.shell.bat': Not used on non-Windows systems
[0.610s] INFO:colcon.colcon_core.shell:Skip shell extension 'powershell' for command environment: Not usable outside of PowerShell
[0.610s] DEBUG:colcon.colcon_core.shell:Skip shell extension 'dsv' for command environment
[0.618s] DEBUG:colcon.colcon_core.event_handler.log_command:Invoking command in '/home/li/reference/robot/build/visual_robot': CMAKE_PREFIX_PATH=/opt/ros/humble /usr/bin/cmake /home/li/reference/robot/src/visual_robot -DAMENT_CMAKE_SYMLINK_INSTALL=1 -DCMAKE_INSTALL_PREFIX=/home/li/reference/robot/install/visual_robot
[23.261s] DEBUG:colcon.colcon_core.event_handler.log_command:Invoked command in '/home/li/reference/robot/build/visual_robot' returned '0': CMAKE_PREFIX_PATH=/opt/ros/humble /usr/bin/cmake /home/li/reference/robot/src/visual_robot -DAMENT_CMAKE_SYMLINK_INSTALL=1 -DCMAKE_INSTALL_PREFIX=/home/li/reference/robot/install/visual_robot
[23.263s] DEBUG:colcon.colcon_core.event_handler.log_command:Invoking command in '/home/li/reference/robot/build/visual_robot': CMAKE_PREFIX_PATH=/opt/ros/humble /usr/bin/cmake --build /home/li/reference/robot/build/visual_robot -- -j16 -l16
[23.295s] DEBUG:colcon.colcon_core.event_handler.log_command:Invoked command in '/home/li/reference/robot/build/visual_robot' returned '0': CMAKE_PREFIX_PATH=/opt/ros/humble /usr/bin/cmake --build /home/li/reference/robot/build/visual_robot -- -j16 -l16
[23.302s] DEBUG:colcon.colcon_core.event_handler.log_command:Invoking command in '/home/li/reference/robot/build/visual_robot': CMAKE_PREFIX_PATH=/opt/ros/humble /usr/bin/cmake --install /home/li/reference/robot/build/visual_robot
[23.406s] Level 1:colcon.colcon_core.environment:create_environment_scripts_only(visual_robot)
[23.406s] DEBUG:colcon.colcon_core.event_handler.log_command:Invoked command in '/home/li/reference/robot/build/visual_robot' returned '0': CMAKE_PREFIX_PATH=/opt/ros/humble /usr/bin/cmake --install /home/li/reference/robot/build/visual_robot
[23.408s] Level 1:colcon.colcon_core.environment:checking '/home/li/reference/robot/install/visual_robot' for CMake module files
[23.408s] Level 1:colcon.colcon_core.environment:checking '/home/li/reference/robot/install/visual_robot' for CMake config files
[23.408s] Level 1:colcon.colcon_core.shell:create_environment_hook('visual_robot', 'cmake_prefix_path')
[23.408s] INFO:colcon.colcon_core.shell:Creating environment hook '/home/li/reference/robot/install/visual_robot/share/visual_robot/hook/cmake_prefix_path.ps1'
[23.410s] INFO:colcon.colcon_core.shell:Creating environment descriptor '/home/li/reference/robot/install/visual_robot/share/visual_robot/hook/cmake_prefix_path.dsv'
[23.411s] INFO:colcon.colcon_core.shell:Creating environment hook '/home/li/reference/robot/install/visual_robot/share/visual_robot/hook/cmake_prefix_path.sh'
[23.412s] Level 1:colcon.colcon_core.environment:checking '/home/li/reference/robot/install/visual_robot/bin'
[23.412s] Level 1:colcon.colcon_core.environment:checking '/home/li/reference/robot/install/visual_robot/lib/pkgconfig/visual_robot.pc'
[23.413s] Level 1:colcon.colcon_core.environment:checking '/home/li/reference/robot/install/visual_robot/lib/python3.10/site-packages'
[23.413s] Level 1:colcon.colcon_core.environment:checking '/home/li/reference/robot/install/visual_robot/bin'
[23.413s] INFO:colcon.colcon_core.shell:Creating package script '/home/li/reference/robot/install/visual_robot/share/visual_robot/package.ps1'
[23.420s] INFO:colcon.colcon_core.shell:Creating package descriptor '/home/li/reference/robot/install/visual_robot/share/visual_robot/package.dsv'
[23.421s] INFO:colcon.colcon_core.shell:Creating package script '/home/li/reference/robot/install/visual_robot/share/visual_robot/package.sh'
[23.421s] INFO:colcon.colcon_core.shell:Creating package script '/home/li/reference/robot/install/visual_robot/share/visual_robot/package.bash'
[23.422s] INFO:colcon.colcon_core.shell:Creating package script '/home/li/reference/robot/install/visual_robot/share/visual_robot/package.zsh'
[23.422s] Level 1:colcon.colcon_core.environment:create_file_with_runtime_dependencies(/home/li/reference/robot/install/visual_robot/share/colcon-core/packages/visual_robot)
[23.423s] Level 1:colcon.colcon_core.environment:create_environment_scripts_only(visual_robot)
[23.423s] Level 1:colcon.colcon_core.environment:checking '/home/li/reference/robot/install/visual_robot' for CMake module files
[23.423s] Level 1:colcon.colcon_core.environment:checking '/home/li/reference/robot/install/visual_robot' for CMake config files
[23.423s] Level 1:colcon.colcon_core.shell:create_environment_hook('visual_robot', 'cmake_prefix_path')
[23.423s] INFO:colcon.colcon_core.shell:Creating environment hook '/home/li/reference/robot/install/visual_robot/share/visual_robot/hook/cmake_prefix_path.ps1'
[23.424s] INFO:colcon.colcon_core.shell:Creating environment descriptor '/home/li/reference/robot/install/visual_robot/share/visual_robot/hook/cmake_prefix_path.dsv'
[23.424s] INFO:colcon.colcon_core.shell:Creating environment hook '/home/li/reference/robot/install/visual_robot/share/visual_robot/hook/cmake_prefix_path.sh'
[23.424s] Level 1:colcon.colcon_core.environment:checking '/home/li/reference/robot/install/visual_robot/bin'
[23.424s] Level 1:colcon.colcon_core.environment:checking '/home/li/reference/robot/install/visual_robot/lib/pkgconfig/visual_robot.pc'
[23.425s] Level 1:colcon.colcon_core.environment:checking '/home/li/reference/robot/install/visual_robot/lib/python3.10/site-packages'
[23.425s] Level 1:colcon.colcon_core.environment:checking '/home/li/reference/robot/install/visual_robot/bin'
[23.425s] INFO:colcon.colcon_core.shell:Creating package script '/home/li/reference/robot/install/visual_robot/share/visual_robot/package.ps1'
[23.425s] INFO:colcon.colcon_core.shell:Creating package descriptor '/home/li/reference/robot/install/visual_robot/share/visual_robot/package.dsv'
[23.426s] INFO:colcon.colcon_core.shell:Creating package script '/home/li/reference/robot/install/visual_robot/share/visual_robot/package.sh'
[23.426s] INFO:colcon.colcon_core.shell:Creating package script '/home/li/reference/robot/install/visual_robot/share/visual_robot/package.bash'
[23.426s] INFO:colcon.colcon_core.shell:Creating package script '/home/li/reference/robot/install/visual_robot/share/visual_robot/package.zsh'
[23.426s] Level 1:colcon.colcon_core.environment:create_file_with_runtime_dependencies(/home/li/reference/robot/install/visual_robot/share/colcon-core/packages/visual_robot)
[23.427s] DEBUG:colcon.colcon_parallel_executor.executor.parallel:closing loop
[23.427s] DEBUG:colcon.colcon_parallel_executor.executor.parallel:loop closed
[23.427s] DEBUG:colcon.colcon_parallel_executor.executor.parallel:run_until_complete finished with '0'
[23.427s] DEBUG:colcon.colcon_core.event_reactor:joining thread
[23.594s] INFO:colcon.colcon_core.plugin_system:Skipping extension 'colcon_notification.desktop_notification.notify_send': Could not find 'notify-send'
[23.594s] INFO:colcon.colcon_core.plugin_system:Skipping extension 'colcon_notification.desktop_notification.terminal_notifier': Not used on non-Darwin systems
[23.594s] INFO:colcon.colcon_core.plugin_system:Skipping extension 'colcon_notification.desktop_notification.win32': Not used on non-Windows systems
[23.594s] INFO:colcon.colcon_notification.desktop_notification:Sending desktop notification using 'notify2'
[23.594s] DEBUG:colcon.colcon_notification.desktop_notification.notify2:Failed to initialize notify2: org.freedesktop.DBus.Error.FileNotFound: Failed to connect to socket /run/user/1000/bus: No such file or directory
[23.594s] DEBUG:colcon.colcon_core.event_reactor:joined thread
[23.594s] INFO:colcon.colcon_core.shell:Creating prefix script '/home/li/reference/robot/install/local_setup.ps1'
[23.595s] INFO:colcon.colcon_core.shell:Creating prefix util module '/home/li/reference/robot/install/_local_setup_util_ps1.py'
[23.596s] INFO:colcon.colcon_core.shell:Creating prefix chain script '/home/li/reference/robot/install/setup.ps1'
[23.596s] INFO:colcon.colcon_core.shell:Creating prefix script '/home/li/reference/robot/install/local_setup.sh'
[23.597s] INFO:colcon.colcon_core.shell:Creating prefix util module '/home/li/reference/robot/install/_local_setup_util_sh.py'
[23.597s] INFO:colcon.colcon_core.shell:Creating prefix chain script '/home/li/reference/robot/install/setup.sh'
[23.598s] INFO:colcon.colcon_core.shell:Creating prefix script '/home/li/reference/robot/install/local_setup.bash'
[23.598s] INFO:colcon.colcon_core.shell:Creating prefix chain script '/home/li/reference/robot/install/setup.bash'
[23.598s] INFO:colcon.colcon_core.shell:Creating prefix script '/home/li/reference/robot/install/local_setup.zsh'
[23.599s] INFO:colcon.colcon_core.shell:Creating prefix chain script '/home/li/reference/robot/install/setup.zsh'
