[0.018s] Invoking command in '/home/li/reference/robot/build/visual_robot': CMAKE_PREFIX_PATH=/opt/ros/humble /usr/bin/cmake /home/li/reference/robot/src/visual_robot -DAMENT_CMAKE_SYMLINK_INSTALL=1 -DCMAKE_INSTALL_PREFIX=/home/li/reference/robot/install/visual_robot
[0.624s] -- The C compiler identification is GNU 11.4.0
[2.634s] -- The CXX compiler identification is GNU 11.4.0
[4.197s] -- Detecting C compiler ABI info
[4.451s] -- Detecting C compiler ABI info - done
[4.455s] -- Check for working C compiler: /usr/bin/cc - skipped
[4.457s] -- Detecting C compile features
[4.457s] -- Detecting C compile features - done
[4.460s] -- Detecting CXX compiler ABI info
[4.689s] -- Detecting CXX compiler ABI info - done
[4.694s] -- Check for working CXX compiler: /usr/bin/c++ - skipped
[4.694s] -- Detecting CXX compile features
[4.695s] -- Detecting CXX compile features - done
[4.700s] -- Found ament_cmake: 1.3.12 (/opt/ros/humble/share/ament_cmake/cmake)
[4.817s] -- Found Python3: /usr/bin/python3 (found version "3.10.12") found components: Interpreter 
[4.877s] -- Override CMake install command with custom implementation using symlinks instead of copying resources
[4.913s] -- Found rclcpp: 16.0.15 (/opt/ros/humble/share/rclcpp/cmake)
[5.362s] -- Found rosidl_generator_c: 3.1.7 (/opt/ros/humble/share/rosidl_generator_c/cmake)
[5.368s] -- Found rosidl_adapter: 3.1.7 (/opt/ros/humble/share/rosidl_adapter/cmake)
[5.382s] -- Found rosidl_generator_cpp: 3.1.7 (/opt/ros/humble/share/rosidl_generator_cpp/cmake)
[5.400s] -- Using all available rosidl_typesupport_c: rosidl_typesupport_fastrtps_c;rosidl_typesupport_introspection_c
[5.422s] -- Using all available rosidl_typesupport_cpp: rosidl_typesupport_fastrtps_cpp;rosidl_typesupport_introspection_cpp
[5.495s] -- Found rmw_implementation_cmake: 6.1.2 (/opt/ros/humble/share/rmw_implementation_cmake/cmake)
[5.498s] -- Found rmw_fastrtps_cpp: 6.2.9 (/opt/ros/humble/share/rmw_fastrtps_cpp/cmake)
[9.727s] -- Found OpenSSL: /usr/lib/x86_64-linux-gnu/libcrypto.so (found version "3.0.2")  
[14.671s] -- Found FastRTPS: /opt/ros/humble/include  
[24.345s] -- Using RMW implementation 'rmw_fastrtps_cpp' as default
[24.356s] -- Looking for pthread.h
[24.707s] -- Looking for pthread.h - found
[24.708s] -- Performing Test CMAKE_HAVE_LIBC_PTHREAD
[25.230s] -- Performing Test CMAKE_HAVE_LIBC_PTHREAD - Success
[25.231s] -- Found Threads: TRUE  
[25.303s] -- Found urdf: 2.6.1 (/opt/ros/humble/share/urdf/cmake)
[35.113s] [31mCMake Error at CMakeLists.txt:12 (find_package):
[35.113s]   By not providing "Findmsg.cmake" in CMAKE_MODULE_PATH this project has
[35.113s]   asked CMake to find a package configuration file provided by "msg", but
[35.113s]   CMake did not find one.
[35.113s] 
[35.113s]   Could not find a package configuration file provided by "msg" with any of
[35.113s]   the following names:
[35.113s] 
[35.113s]     msgConfig.cmake
[35.113s]     msg-config.cmake
[35.113s] 
[35.113s]   Add the installation prefix of "msg" to CMAKE_PREFIX_PATH or set "msg_DIR"
[35.113s]   to a directory containing one of the above files.  If "msg" provides a
[35.113s]   separate development package or SDK, be sure it has been installed.
[35.113s] 
[35.113s] [0m
[35.113s] -- Configuring incomplete, errors occurred!
[35.113s] See also "/home/li/reference/robot/build/visual_robot/CMakeFiles/CMakeOutput.log".
[35.120s] Invoked command in '/home/li/reference/robot/build/visual_robot' returned '1': CMAKE_PREFIX_PATH=/opt/ros/humble /usr/bin/cmake /home/li/reference/robot/src/visual_robot -DAMENT_CMAKE_SYMLINK_INSTALL=1 -DCMAKE_INSTALL_PREFIX=/home/li/reference/robot/install/visual_robot
