-- Found ament_cmake: 1.3.12 (/opt/ros/humble/share/ament_cmake/cmake)
-- Override CMake install command with custom implementation using symlinks instead of copying resources
-- Found rclcpp: 16.0.15 (/opt/ros/humble/share/rclcpp/cmake)
-- Found rosidl_generator_c: 3.1.7 (/opt/ros/humble/share/rosidl_generator_c/cmake)
-- Found rosidl_adapter: 3.1.7 (/opt/ros/humble/share/rosidl_adapter/cmake)
-- Found rosidl_generator_cpp: 3.1.7 (/opt/ros/humble/share/rosidl_generator_cpp/cmake)
-- Using all available rosidl_typesupport_c: rosidl_typesupport_fastrtps_c;rosidl_typesupport_introspection_c
-- Using all available rosidl_typesupport_cpp: rosidl_typesupport_fastrtps_cpp;rosidl_typesupport_introspection_cpp
-- Found rmw_implementation_cmake: 6.1.2 (/opt/ros/humble/share/rmw_implementation_cmake/cmake)
-- Found rmw_fastrtps_cpp: 6.2.9 (/opt/ros/humble/share/rmw_fastrtps_cpp/cmake)
-- Using RMW implementation 'rmw_fastrtps_cpp' as default
-- Found urdf: 2.6.1 (/opt/ros/humble/share/urdf/cmake)
-- Found ament_lint_auto: 0.12.14 (/opt/ros/humble/share/ament_lint_auto/cmake)
-- Added test 'lint_cmake' to check CMake code style
-- Added test 'xmllint' to check XML markup files
-- Configuring done
-- Generating done
-- Build files have been written to: /home/li/reference/robot/build/visual_robot
-- Install configuration: ""
-- Execute custom install script
-- Symlinking: /home/li/reference/robot/install/visual_robot/share/ament_index/resource_index/package_run_dependencies/visual_robot
-- Symlinking: /home/li/reference/robot/install/visual_robot/share/ament_index/resource_index/parent_prefix_path/visual_robot
-- Symlinking: /home/li/reference/robot/install/visual_robot/share/visual_robot/environment/ament_prefix_path.sh
-- Symlinking: /home/li/reference/robot/install/visual_robot/share/visual_robot/environment/ament_prefix_path.dsv
-- Symlinking: /home/li/reference/robot/install/visual_robot/share/visual_robot/environment/path.sh
-- Symlinking: /home/li/reference/robot/install/visual_robot/share/visual_robot/environment/path.dsv
-- Symlinking: /home/li/reference/robot/install/visual_robot/share/visual_robot/local_setup.bash
-- Symlinking: /home/li/reference/robot/install/visual_robot/share/visual_robot/local_setup.sh
-- Symlinking: /home/li/reference/robot/install/visual_robot/share/visual_robot/local_setup.zsh
-- Symlinking: /home/li/reference/robot/install/visual_robot/share/visual_robot/local_setup.dsv
-- Symlinking: /home/li/reference/robot/install/visual_robot/share/visual_robot/package.dsv
-- Symlinking: /home/li/reference/robot/install/visual_robot/share/ament_index/resource_index/packages/visual_robot
-- Symlinking: /home/li/reference/robot/install/visual_robot/share/visual_robot/cmake/visual_robotConfig.cmake
-- Symlinking: /home/li/reference/robot/install/visual_robot/share/visual_robot/cmake/visual_robotConfig-version.cmake
-- Symlinking: /home/li/reference/robot/install/visual_robot/share/visual_robot/package.xml
