[0.011s] Invoking command in '/home/li/reference/robot/build/visual_robot': CMAKE_PREFIX_PATH=/opt/ros/humble /usr/bin/cmake /home/li/reference/robot/src/visual_robot -DAMENT_CMAKE_SYMLINK_INSTALL=1 -DCMAKE_INSTALL_PREFIX=/home/li/reference/robot/install/visual_robot
[0.020s] -- Found ament_cmake: 1.3.12 (/opt/ros/humble/share/ament_cmake/cmake)
[0.112s] -- Override CMake install command with custom implementation using symlinks instead of copying resources
[0.117s] -- Found rclcpp: 16.0.15 (/opt/ros/humble/share/rclcpp/cmake)
[0.753s] -- Found rosidl_generator_c: 3.1.7 (/opt/ros/humble/share/rosidl_generator_c/cmake)
[0.754s] -- Found rosidl_adapter: 3.1.7 (/opt/ros/humble/share/rosidl_adapter/cmake)
[0.758s] -- Found rosidl_generator_cpp: 3.1.7 (/opt/ros/humble/share/rosidl_generator_cpp/cmake)
[0.765s] -- Using all available rosidl_typesupport_c: rosidl_typesupport_fastrtps_c;rosidl_typesupport_introspection_c
[0.773s] -- Using all available rosidl_typesupport_cpp: rosidl_typesupport_fastrtps_cpp;rosidl_typesupport_introspection_cpp
[0.794s] -- Found rmw_implementation_cmake: 6.1.2 (/opt/ros/humble/share/rmw_implementation_cmake/cmake)
[0.794s] -- Found rmw_fastrtps_cpp: 6.2.9 (/opt/ros/humble/share/rmw_fastrtps_cpp/cmake)
[18.779s] -- Using RMW implementation 'rmw_fastrtps_cpp' as default
[18.811s] -- Found urdf: 2.6.1 (/opt/ros/humble/share/urdf/cmake)
[22.565s] -- Found ament_lint_auto: 0.12.14 (/opt/ros/humble/share/ament_lint_auto/cmake)
[22.637s] -- Added test 'lint_cmake' to check CMake code style
[22.641s] -- Added test 'xmllint' to check XML markup files
[22.643s] -- Configuring done
[22.646s] -- Generating done
[22.648s] -- Build files have been written to: /home/li/reference/robot/build/visual_robot
[22.654s] Invoked command in '/home/li/reference/robot/build/visual_robot' returned '0': CMAKE_PREFIX_PATH=/opt/ros/humble /usr/bin/cmake /home/li/reference/robot/src/visual_robot -DAMENT_CMAKE_SYMLINK_INSTALL=1 -DCMAKE_INSTALL_PREFIX=/home/li/reference/robot/install/visual_robot
[22.656s] Invoking command in '/home/li/reference/robot/build/visual_robot': CMAKE_PREFIX_PATH=/opt/ros/humble /usr/bin/cmake --build /home/li/reference/robot/build/visual_robot -- -j16 -l16
[22.688s] Invoked command in '/home/li/reference/robot/build/visual_robot' returned '0': CMAKE_PREFIX_PATH=/opt/ros/humble /usr/bin/cmake --build /home/li/reference/robot/build/visual_robot -- -j16 -l16
[22.695s] Invoking command in '/home/li/reference/robot/build/visual_robot': CMAKE_PREFIX_PATH=/opt/ros/humble /usr/bin/cmake --install /home/li/reference/robot/build/visual_robot
[22.699s] -- Install configuration: ""
[22.700s] -- Execute custom install script
[22.700s] -- Symlinking: /home/li/reference/robot/install/visual_robot/share/ament_index/resource_index/package_run_dependencies/visual_robot
[22.707s] -- Symlinking: /home/li/reference/robot/install/visual_robot/share/ament_index/resource_index/parent_prefix_path/visual_robot
[22.714s] -- Symlinking: /home/li/reference/robot/install/visual_robot/share/visual_robot/environment/ament_prefix_path.sh
[22.720s] -- Symlinking: /home/li/reference/robot/install/visual_robot/share/visual_robot/environment/ament_prefix_path.dsv
[22.726s] -- Symlinking: /home/li/reference/robot/install/visual_robot/share/visual_robot/environment/path.sh
[22.733s] -- Symlinking: /home/li/reference/robot/install/visual_robot/share/visual_robot/environment/path.dsv
[22.739s] -- Symlinking: /home/li/reference/robot/install/visual_robot/share/visual_robot/local_setup.bash
[22.746s] -- Symlinking: /home/li/reference/robot/install/visual_robot/share/visual_robot/local_setup.sh
[22.752s] -- Symlinking: /home/li/reference/robot/install/visual_robot/share/visual_robot/local_setup.zsh
[22.759s] -- Symlinking: /home/li/reference/robot/install/visual_robot/share/visual_robot/local_setup.dsv
[22.767s] -- Symlinking: /home/li/reference/robot/install/visual_robot/share/visual_robot/package.dsv
[22.774s] -- Symlinking: /home/li/reference/robot/install/visual_robot/share/ament_index/resource_index/packages/visual_robot
[22.780s] -- Symlinking: /home/li/reference/robot/install/visual_robot/share/visual_robot/cmake/visual_robotConfig.cmake
[22.786s] -- Symlinking: /home/li/reference/robot/install/visual_robot/share/visual_robot/cmake/visual_robotConfig-version.cmake
[22.792s] -- Symlinking: /home/li/reference/robot/install/visual_robot/share/visual_robot/package.xml
[22.800s] Invoked command in '/home/li/reference/robot/build/visual_robot' returned '0': CMAKE_PREFIX_PATH=/opt/ros/humble /usr/bin/cmake --install /home/li/reference/robot/build/visual_robot
